const FieldConnectTiming
const FieldDNSTiming
const FieldGroupCumulatedDuration
const FieldGroupDuration
const FieldGroupOutcome
const FieldIntervalSeries
const FieldRequirements
const FieldSampleBytesReceived
const FieldSampleBytesSent
const FieldSampleDuration
const FieldSampleFailureType
const FieldSampleResponseCode
const FieldSampleScenario
const FieldSampleUserIdentity
const FieldTLSTiming
const FieldUnknown
const ItemAssertion
const ItemError
const ItemGroup
const ItemSample
const ItemUnknown
const ItemUser
const OutcomeFailure
const OutcomeSuccess
const OutcomeUnknown
const PositionGroup
const PositionSample
const PositionUnknown
const UserEnd
const UserEventUnknown
const UserStart
field Failure.Message
field Failure.Type
field GroupSample.CumulatedDuration
field GroupSample.Duration
field GroupSample.Groups
field GroupSample.Outcome
field GroupSample.Start
field Item.Assertion
field Item.Error
field Item.Group
field Item.Kind
field Item.Sample
field Item.User
field Run.Assertions
field Run.Capabilities
field Run.Description
field Run.ID
field Run.Name
field Run.Start
field Run.Tool
field Run.ToolVersion
field Run.Warnings
field RunError.At
field RunError.Message
field Sample.BytesReceived
field Sample.BytesSent
field Sample.Duration
field Sample.Failure
field Sample.Groups
field Sample.Name
field Sample.Outcome
field Sample.ResponseCode
field Sample.Scenario
field Sample.Start
field UserEvent.At
field UserEvent.Kind
field UserEvent.Scenario
field Warning.Reason
field Warning.Version
func FieldsKnown
func NewCapabilities
func NewGroupPosition
func NewSamplePosition
func Some
method Bounds.End
method Bounds.Extend
method Bounds.Start
method Capabilities.Absent
method Capabilities.Provides
method Field.String
method GroupSample.Position
method ItemKind.String
method Opt.Get
method Opt.IsSet
method Outcome.String
method Position.Groups
method Position.Kind
method Position.Name
method Position.String
method PositionKind.String
method Sample.Position
method UserEventKind.String
method Warning.String
type Bounds
type Capabilities
type Failure
type Field
type GroupSample
type Item
type ItemKind
type Opt
type Outcome
type Position
type PositionKind
type Run
type RunError
type Sample
type UserEvent
type UserEventKind
type Warning
